2025-11-17 20:50:04.772 +05:00 [WRN] The foreign key property 'Attempt.StudentId1' was created in shadow state because a conflicting property with the simple name 'StudentId' exists in the entity type, but is either not mapped, is already used for another relationship, or is incompatible with the associated primary key type. See https://aka.ms/efcore-relationships for information on mapping relationships in EF Core.
2025-11-17 20:50:04.823 +05:00 [WRN] The foreign key property 'TestResult.StudentId1' was created in shadow state because a conflicting property with the simple name 'StudentId' exists in the entity type, but is either not mapped, is already used for another relationship, or is incompatible with the associated primary key type. See https://aka.ms/efcore-relationships for information on mapping relationships in EF Core.
2025-11-17 20:50:04.828 +05:00 [WRN] The foreign key property 'UserSelectedOption.AnswerId1' was created in shadow state because a conflicting property with the simple name 'AnswerId' exists in the entity type, but is either not mapped, is already used for another relationship, or is incompatible with the associated primary key type. See https://aka.ms/efcore-relationships for information on mapping relationships in EF Core.
2025-11-17 20:50:05.441 +05:00 [INF] Acquiring an exclusive lock for migration application. See https://aka.ms/efcore-docs-migrations-lock for more information if this takes too long.
2025-11-17 20:50:05.494 +05:00 [INF] Executed DbCommand (26ms) [Parameters=[], CommandType='"Text"', CommandTimeout='30']
SELECT COUNT(*) FROM "sqlite_master" WHERE "name" = '__EFMigrationsLock' AND "type" = 'table';
2025-11-17 20:50:05.506 +05:00 [INF] Executed DbCommand (2ms) [Parameters=[], CommandType='"Text"', CommandTimeout='30']
INSERT OR IGNORE INTO "__EFMigrationsLock"("Id", "Timestamp") VALUES(1, '2025-11-17 15:50:05.5034782+00:00');
SELECT changes();
2025-11-17 20:50:05.596 +05:00 [INF] Executed DbCommand (0ms) [Parameters=[], CommandType='"Text"', CommandTimeout='30']
CREATE TABLE IF NOT EXISTS "__EFMigrationsHistory" (
    "MigrationId" TEXT NOT NULL CONSTRAINT "PK___EFMigrationsHistory" PRIMARY KEY,
    "ProductVersion" TEXT NOT NULL
);
2025-11-17 20:50:05.609 +05:00 [INF] Executed DbCommand (0ms) [Parameters=[], CommandType='"Text"', CommandTimeout='30']
SELECT COUNT(*) FROM "sqlite_master" WHERE "name" = '__EFMigrationsHistory' AND "type" = 'table';
2025-11-17 20:50:05.614 +05:00 [INF] Executed DbCommand (0ms) [Parameters=[], CommandType='"Text"', CommandTimeout='30']
SELECT "MigrationId", "ProductVersion"
FROM "__EFMigrationsHistory"
ORDER BY "MigrationId";
2025-11-17 20:50:05.632 +05:00 [INF] No migrations were applied. The database is already up to date.
2025-11-17 20:50:05.635 +05:00 [INF] Executed DbCommand (1ms) [Parameters=[], CommandType='"Text"', CommandTimeout='30']
DELETE FROM "__EFMigrationsLock";
2025-11-17 20:50:05.975 +05:00 [INF] Now listening on: http://localhost:5004
2025-11-17 20:50:06.158 +05:00 [INF] Application started. Press Ctrl+C to shut down.
2025-11-17 20:50:06.162 +05:00 [INF] Hosting environment: Development
2025-11-17 20:50:06.164 +05:00 [INF] Content root path: C:\Users\Machine\source\repos\Lesson\Lesson
2025-11-17 20:50:06.771 +05:00 [INF] Request starting HTTP/1.1 GET http://localhost:5004/swagger - null null
2025-11-17 20:50:07.006 +05:00 [INF] Request finished HTTP/1.1 GET http://localhost:5004/swagger - 301 0 null 237.0054ms
2025-11-17 20:50:07.015 +05:00 [INF] Request starting HTTP/1.1 GET http://localhost:5004/swagger/index.html - null null
2025-11-17 20:50:07.154 +05:00 [INF] Request finished HTTP/1.1 GET http://localhost:5004/swagger/index.html - 200 null text/html;charset=utf-8 138.4135ms
2025-11-17 20:50:07.386 +05:00 [INF] Request starting HTTP/1.1 GET http://localhost:5004/swagger/swagger-ui-standalone-preset.js - null null
2025-11-17 20:50:07.396 +05:00 [INF] Request starting HTTP/1.1 GET http://localhost:5004/swagger/swagger-ui-bundle.js - null null
2025-11-17 20:50:07.396 +05:00 [INF] Request starting HTTP/1.1 GET http://localhost:5004/_framework/aspnetcore-browser-refresh.js - null null
2025-11-17 20:50:07.396 +05:00 [INF] Request starting HTTP/1.1 GET http://localhost:5004/_vs/browserLink - null null
2025-11-17 20:50:07.397 +05:00 [INF] Request starting HTTP/1.1 GET http://localhost:5004/swagger/swagger-ui.css - null null
2025-11-17 20:50:07.433 +05:00 [INF] Request finished HTTP/1.1 GET http://localhost:5004/_framework/aspnetcore-browser-refresh.js - 200 16497 application/javascript; charset=utf-8 37.0719ms
2025-11-17 20:50:07.466 +05:00 [INF] Sending file. Request path: '/swagger-ui-standalone-preset.js'. Physical path: 'N/A'
2025-11-17 20:50:07.486 +05:00 [INF] Sending file. Request path: '/swagger-ui.css'. Physical path: 'N/A'
2025-11-17 20:50:07.552 +05:00 [INF] Request finished HTTP/1.1 GET http://localhost:5004/swagger/swagger-ui-standalone-preset.js - 200 230280 text/javascript 165.9464ms
2025-11-17 20:50:07.560 +05:00 [INF] Sending file. Request path: '/swagger-ui-bundle.js'. Physical path: 'N/A'
2025-11-17 20:50:07.562 +05:00 [INF] Request finished HTTP/1.1 GET http://localhost:5004/swagger/swagger-ui.css - 200 152034 text/css 164.5802ms
2025-11-17 20:50:07.594 +05:00 [INF] Request finished HTTP/1.1 GET http://localhost:5004/swagger/swagger-ui-bundle.js - 200 1456926 text/javascript 197.7735ms
2025-11-17 20:50:07.608 +05:00 [INF] Request finished HTTP/1.1 GET http://localhost:5004/_vs/browserLink - 200 null text/javascript; charset=UTF-8 211.8997ms
2025-11-17 20:50:08.152 +05:00 [INF] Request starting HTTP/1.1 GET http://localhost:5004/swagger/v1/swagger.json - null null
2025-11-17 20:50:08.185 +05:00 [INF] Request starting HTTP/1.1 GET http://localhost:5004/swagger/favicon-32x32.png - null null
2025-11-17 20:50:08.216 +05:00 [INF] Sending file. Request path: '/favicon-32x32.png'. Physical path: 'N/A'
2025-11-17 20:50:08.234 +05:00 [INF] Request finished HTTP/1.1 GET http://localhost:5004/swagger/favicon-32x32.png - 200 628 image/png 48.5786ms
2025-11-17 20:50:08.358 +05:00 [INF] Request finished HTTP/1.1 GET http://localhost:5004/swagger/v1/swagger.json - 200 null application/json;charset=utf-8 206.6562ms
2025-11-17 20:50:17.480 +05:00 [INF] Request starting HTTP/1.1 GET http://localhost:5004/api/Questions - null null
2025-11-17 20:50:17.502 +05:00 [WRN] Failed to determine the https port for redirect.
2025-11-17 20:50:17.516 +05:00 [INF] Executing endpoint 'Lesson.Controllers.QuestionsController.GetAllQuestions (Lesson)'
2025-11-17 20:50:17.563 +05:00 [INF] Route matched with {action = "GetAllQuestions", controller = "Questions"}. Executing controller action with signature System.Threading.Tasks.Task`1[Microsoft.AspNetCore.Mvc.IActionResult] GetAllQuestions() on controller Lesson.Controllers.QuestionsController (Lesson).
2025-11-17 20:50:17.842 +05:00 [WRN] You do not have a valid license key for the Lucky Penny software AutoMapper. This is allowed for development and testing scenarios. If you are running in production you are required to have a licensed version. Please visit https://luckypennysoftware.com to obtain a valid license.
2025-11-17 20:50:17.851 +05:00 [INF] Получение всех вопросов
2025-11-17 20:50:18.309 +05:00 [INF] Executed DbCommand (2ms) [Parameters=[], CommandType='"Text"', CommandTimeout='30']
SELECT "q"."Id", "q"."AnswerType", "q"."Description", "q"."IsScoring", "q"."Maxscore", "q"."Number", "q"."TestId", "q"."Text"
FROM "Questions" AS "q"
2025-11-17 20:50:18.322 +05:00 [INF] Все вопросы получены count=0
2025-11-17 20:50:18.350 +05:00 [INF] Executing OkObjectResult, writing value of type 'System.Collections.Generic.List`1[[Lesson.Responses.Questions.QuestionResponse, Lesson, Version=1.0.0.0, Culture=neutral, PublicKeyToken=null]]'.
2025-11-17 20:50:18.370 +05:00 [INF] Executed action Lesson.Controllers.QuestionsController.GetAllQuestions (Lesson) in 796.0449ms
2025-11-17 20:50:18.374 +05:00 [INF] Executed endpoint 'Lesson.Controllers.QuestionsController.GetAllQuestions (Lesson)'
2025-11-17 20:50:18.383 +05:00 [INF] Request finished HTTP/1.1 GET http://localhost:5004/api/Questions - 200 null application/json; charset=utf-8 903.1381ms
